---------------------------------------------
tests/debug/bin/test_queue_fail2 START
---------------------------------------------
failed test
A string from 'queue.c' in libdata_structures.a
---------------------------------------------
tests/debug/bin/test_queue_fail START
---------------------------------------------
failed test
A string from 'queue.c' in libdata_structures.a
---------------------------------------------
tests/debug/bin/test_queue_succ START
---------------------------------------------
A string from 'queue.c' in libdata_structures.a
